[     741ms] [VERBOSE] [DOM] Input elements should have autocomplete attributes (suggested: "current-password"): (More info: https://goo.gl/9p2vKq) %o @ https://resend.com/login:0
[    3580ms] [WARNING] Unable to create a text session because the service is not running. @ https://resend.com/login:0
[    3580ms] [WARNING] The language detection model was required but not available. @ https://resend.com/login:0
[    5539ms] [INFO] Executing inline script violates the following Content Security Policy directive 'script-src 'self''. Either the 'unsafe-inline' keyword, a hash ('sha256-GNWr3juzPocpPAOAJS3drV+HZvUat3aMpJZOpKE+avg='), or a nonce ('nonce-...') is required to enable inline execution. The policy is report-only, so the violation has been logged but no further action has been taken. @ https://js.stripe.com/v3/human-security-153cb17ac2606c0704a065bc229be6a3.html#debugMode=false&parentOrigin=https%3A%2F%2Fresend.com:2
[    5935ms] [LOG] %c EvalError
    at mH (https://client.px-cloud.net/PXVl48pWoc/main.min.js:2:64246)
    at oG (https://client.px-cloud.net/PXVl48pWoc/main.min.js:3:165)
    at Ff (https://client.px-cloud.net/PXVl48pWoc/main.min.js:3:132633)
    at Fd (https://client.px-cloud.net/PXVl48pWoc/main.min.js:3:132244)
    at https://client.px-cloud.net/PXVl48pWoc/main.min.js:3:133995
    at https://client.px-cloud.net/PXVl48pWoc/main.min.js:3:134001
    at https://client.px-cloud.net/PXVl48pWoc/main.min.js:3:134466 @ https://client.px-cloud.net/PXVl48pWoc/main.min.js:1
[    6293ms] [ERROR] Framing 'https://client.wra-api.net/' violates the following Content Security Policy directive: "frame-src 'self' https://*.px-cloud.net https://*.px-cdn.net https://crcldu.com". The request has been blocked.
 @ https://client.px-cloud.net/:0
[    6315ms] [WARNING] Failed to execute 'postMessage' on 'DOMWindow': The target origin provided ('https://client.wra-api.net') does not match the recipient window's origin ('null'). @ https://client.px-cloud.net/PXVl48pWoc/main.min.js:2
[   30040ms] [VERBOSE] [DOM] Password field is not contained in a form: (More info: https://goo.gl/9p2vKq) %o @ https://accounts.google.com/v3/signin/identifier?opparams=%253Fredirect_to%253Dhttps%25253A%25252F%25252Fresend.com%25252Fapi%25252Fauth%25252Fcallback&dsh=S-567482771%3A1778532802092990&client_id=384887732761-mava29mve8ipa4ohsl7muesll12838kt.apps.googleusercontent.com&o2v=2&redirect_uri=https%3A%2F%2Fsb.resend.com%2Fauth%2Fv1%2Fcallback&response_type=code&scope=email+profile&service=lso&state=0b57e8a0-a426-423e-87ee-c89de7ae02d6&flowName=GeneralOAuthFlow&continue=https%3A%2F%2Faccounts.google.com%2Fsignin%2Foauth%2Fconsent%3Fauthuser%3Dunknown%26part%3DAJi8hAOM7A0Hgo7ZwK5FgFifjtEPHcURz97Wawk6TSMICqOy10viUkpLpz9sfMmpep5wXU2bcPprHuNF_8v3GzSMHuYoBEWIQ9A4UFFQVeFQ5pdetTv4T0IJZX0QwodIF3tiYRDEVZAQE4ab-mKD1cCxUjZtfhHCLNzxs1bFT9zx6SZ33IuX4UIRVGr-0k2JrBHhX-B5lXeIWlDFmD8IAcK-ucPNI8pwlqnqBxV_SG_YVedWMczHZoJGXGB8JYf-eQc0dcO3mDRVfvY_aHsc1IAzfEKLJjD0CaXB7_slbOwB8Hvd5EuHvSd_kFbTwJc2R6jxWTp7gEd0ucNDe6vFzwkNB6PqATkycuCtCNes_g6dNSwOuRbzqgAY1QZfEcGbZzcfkAMednN3nBsVRlOneYMeIEHtTScOZzDzHCF1ZTo9AWtztzaW_a8J6FxsuUC6-b72J3wUGNVCgda4b9Pi3DWkZUBymiDMVw%26flowName%3DGeneralOAuthFlow%26as%3DS-567482771%253A1778532802092990%26client_id%3D384887732761-mava29mve8ipa4ohsl7muesll12838kt.apps.googleusercontent.com%26requestPath%3D%252Fsignin%252Foauth%252Fconsent%23&app_domain=https%3A%2F%2Fsb.resend.com&rart=ANgoxcetmLPUTciuUNsmOyVLLCDbcz7QgIGWvbNURBWgFRwkGTd3w35lm9K6x80nd3vgleU815UBDKgsklltNA-9eM17WphCJcedR0HUp_Q0dARSj0DDA3E:0
[   30049ms] [LOG] %c%s color: red; background: yellow; font-size: 24px; WARNING! @ https://www.gstatic.com/_/mss/boq-identity/_/js/k=boq-identity.AccountsSignInUi.en_US.n7L1AKtevvQ.es5.O/am=iW8AAIBQiIKQAcD4_78BAAIgiBp4PQtAE4gMAAAAAAAAAABYAAAAjQ/d=1/excm=_b,_tp,identifierview/ed=1/dg=0/wt=2/ujg=1/rs=AOaEmlEJrcdMlMIlw-fGgUrpxMXsKbAX6g/dti=1/m=_b,_tp:541
[   30049ms] [LOG] %c%s font-size: 18px; Using this console may allow attackers to impersonate you and steal your information using an attack called Self-XSS.
Do not enter or paste code that you do not understand. @ https://www.gstatic.com/_/mss/boq-identity/_/js/k=boq-identity.AccountsSignInUi.en_US.n7L1AKtevvQ.es5.O/am=iW8AAIBQiIKQAcD4_78BAAIgiBp4PQtAE4gMAAAAAAAAAABYAAAAjQ/d=1/excm=_b,_tp,identifierview/ed=1/dg=0/wt=2/ujg=1/rs=AOaEmlEJrcdMlMIlw-fGgUrpxMXsKbAX6g/dti=1/m=_b,_tp:541
[   38496ms] [VERBOSE] [DOM] Password field is not contained in a form: (More info: https://goo.gl/9p2vKq) %o @ https://accounts.google.com/v3/signin/challenge/pwd?TL=APouJz554E5KElNpmbiU-UX9ofZNNt0t6Ia-v4BCov58RdzBKcaE4m3xloVMuxMB&app_domain=https%3A%2F%2Fsb.resend.com&checkConnection=youtube%3A241&checkedDomains=youtube&cid=2&client_id=384887732761-mava29mve8ipa4ohsl7muesll12838kt.apps.googleusercontent.com&continue=https%3A%2F%2Faccounts.google.com%2Fsignin%2Foauth%2Fconsent%3Fauthuser%3Dunknown%26part%3DAJi8hAOM7A0Hgo7ZwK5FgFifjtEPHcURz97Wawk6TSMICqOy10viUkpLpz9sfMmpep5wXU2bcPprHuNF_8v3GzSMHuYoBEWIQ9A4UFFQVeFQ5pdetTv4T0IJZX0QwodIF3tiYRDEVZAQE4ab-mKD1cCxUjZtfhHCLNzxs1bFT9zx6SZ33IuX4UIRVGr-0k2JrBHhX-B5lXeIWlDFmD8IAcK-ucPNI8pwlqnqBxV_SG_YVedWMczHZoJGXGB8JYf-eQc0dcO3mDRVfvY_aHsc1IAzfEKLJjD0CaXB7_slbOwB8Hvd5EuHvSd_kFbTwJc2R6jxWTp7gEd0ucNDe6vFzwkNB6PqATkycuCtCNes_g6dNSwOuRbzqgAY1QZfEcGbZzcfkAMednN3nBsVRlOneYMeIEHtTScOZzDzHCF1ZTo9AWtztzaW_a8J6FxsuUC6-b72J3wUGNVCgda4b9Pi3DWkZUBymiDMVw%26flowName%3DGeneralOAuthFlow%26as%3DS-567482771%253A1778532802092990%26client_id%3D384887732761-mava29mve8ipa4ohsl7muesll12838kt.apps.googleusercontent.com%26requestPath%3D%252Fsignin%252Foauth%252Fconsent%23&dsh=S-567482771%3A1778532802092990&flowName=GeneralOAuthFlow&o2v=2&opparams=%253Fredirect_to%253Dhttps%25253A%25252F%25252Fresend.com%25252Fapi%25252Fauth%25252Fcallback&pstMsg=1&rart=ANgoxcetmLPUTciuUNsmOyVLLCDbcz7QgIGWvbNURBWgFRwkGTd3w35lm9K6x80nd3vgleU815UBDKgsklltNA-9eM17WphCJcedR0HUp_Q0dARSj0DDA3E&redirect_uri=https%3A%2F%2Fsb.resend.com%2Fauth%2Fv1%2Fcallback&response_type=code&scope=email%20profile&service=lso&state=0b57e8a0-a426-423e-87ee-c89de7ae02d6:0
[   54443ms] [WARNING] Unable to create a text session because the service is not running. @ https://resend.com/metrics:0
[   54443ms] [WARNING] The language detection model was required but not available. @ https://resend.com/metrics:0
[   58350ms] [WARNING] The resource https://resend.com/_next/static/chunks/0t8e5ww2hmbf9.css?dpl=dpl_Hbi95KBnXVf6sCFhRfxwRnshupgz was preloaded using link preload but not used within a few seconds from the window's load event. Please make sure it has an appropriate `as` value and it is preloaded intentionally. @ https://resend.com/metrics:0
[   89564ms] [WARNING] The resource https://resend.com/_next/static/chunks/0t8e5ww2hmbf9.css?dpl=dpl_Hbi95KBnXVf6sCFhRfxwRnshupgz was preloaded using link preload but not used within a few seconds from the window's load event. Please make sure it has an appropriate `as` value and it is preloaded intentionally. @ https://resend.com/metrics:0
[   94566ms] [WARNING] The resource https://resend.com/_next/static/chunks/0t8e5ww2hmbf9.css?dpl=dpl_Hbi95KBnXVf6sCFhRfxwRnshupgz was preloaded using link preload but not used within a few seconds from the window's load event. Please make sure it has an appropriate `as` value and it is preloaded intentionally. @ https://resend.com/metrics:0
